npx : FAIL src/__tests__/textJustifier.test.ts
Au caractère Ligne:1 : 1
+ npx jest src/__tests__/textJustifier.test.ts --verbose > test_output. ...
+ ~~~~~~~~~~~~~~~~~~~~~~~~~~~~~~~~~~~~~~~~~~~~~~~~~~~~~~~~~~~~~~~~~~~~~
    + CategoryInfo          : NotSpecified: (FAIL src/__tests__/textJustifier 
   .test.ts:String) [], RemoteException
    + FullyQualifiedErrorId : NativeCommandError
 
  Unit Test: Text Justifier Logic
    ÔêÜ should not justify a paragraph that fits in one line (3 ms)
    ÔêÜ should justify multi-line paragraphs to exactly 80 characters (2 ms)
    ÔêÜ should distribute extra spaces from left to right
    ÔêÜ should respect paragraph boundaries (1 ms)
    ├ù should handle words longer than 80 characters gracefully (3 ms)
    ├ù should handle empty or whitespace-only strings (2 ms)

  ÔùÅ Unit Test: Text Justifier Logic ÔÇ║ should handle words longer than 80 
characters gracefully

    expect(received).toBe(expected) // Object.is equality

    - Expected  - 0
    + Received  + 1

    +
      aaaaaaaaaaaaaaaaaaaaaaaaaaaaaaaaaaaaaaaaaaaaaaaaaaaaaaaaaaaaaaaaaaaaaaaa
aaaaaaaaaaaaaaaaaa

    [0m [90m 80 |[39m     [36mconst[39m longWord [33m=[39m 
[32m'a'[39m[33m.[39mrepeat([35m90[39m)[33m;[39m
     [90m 81 |[39m     [36mconst[39m result [33m=[39m 
justifyText(longWord)[33m;[39m
    [31m[1m>[22m[39m[90m 82 |[39m     
expect(result)[33m.[39mtoBe(longWord)[33m;[39m
     [90m    |[39m                    [31m[1m^[22m[39m
     [90m 83 |[39m     
expect(result[33m.[39mlength)[33m.[39mtoBe([35m90[39m)[33m;[39m
     [90m 84 |[39m   })[33m;[39m
     [90m 85 |[39m[0m

      at Object.<anonymous> (src/__tests__/textJustifier.test.ts:82:20)

  ÔùÅ Unit Test: Text Justifier Logic ÔÇ║ should handle empty or 
whitespace-only strings

    expect(received).toBe(expected) // Object.is equality

    Expected: ""
    Received: "
    "

    [0m [90m 90 |[39m   it([32m'should handle empty or whitespace-only 
strings'[39m[33m,[39m () [33m=>[39m {
     [90m 91 |[39m     
expect(justifyText([32m''[39m))[33m.[39mtoBe([32m''[39m)[33m;[39m
    [31m[1m>[22m[39m[90m 92 |[39m     expect(justifyText([32m'   \n   
'[39m))[33m.[39mtoBe([32m''[39m)[33m;[39m
     [90m    |[39m                                     [31m[1m^[22m[39m
     [90m 93 |[39m   })[33m;[39m
     [90m 94 |[39m })[33m;[39m
     [90m 95 |[39m[0m

      at Object.<anonymous> (src/__tests__/textJustifier.test.ts:92:37)

Test Suites: 1 failed, 1 total
Tests:       2 failed, 4 passed, 6 total
Snapshots:   0 total
Time:        0.542 s, estimated 1 s
Ran all test suites matching src/__tests__/textJustifier.test.ts.
